// Jest Snapshot v1, https://goo.gl/fbAQLP

exports[`Contact is rendering matches snapshot 1`] = `
<DocumentFragment>
  <section>
    <h1
      data-testid="h1tag"
    >
       Contact Me 
    </h1>
    <form
      id="contact-form"
    >
      <div>
        <label
          for="name"
        >
           Name:
        </label>
        <input
          name="name"
          type="text"
          value=""
        />
      </div>
      <div>
        <label
          for="email"
        >
          Email:
        </label>
        <input
          name="email"
          type="email"
          value=""
        />
      </div>
      <div>
        <label
          for="message"
        >
           Your Message:
        </label>
        <textarea
          name="message"
          rows="5"
        />
      </div>
      <button
        data-testid="btntag"
        type="submit"
      >
         Submit 
      </button>
    </form>
  </section>
</DocumentFragment>
`;
